## Cubit
## Coreform Cubit Version 2022.11
## Coreform Cubit Build 011f38e586
## Revised Fri Nov 18 23:29:09 2022 +0000
## Running 11/30/2022 09:12:00 PM
## Command Options:
reset
create curve location 0 0 0 location 3 0 0
curve 1 interval 3
mesh curve 1
set uspline curve 1 degree 1 continuity 0
set uspline edge 1 degree 2
set uspline node 3 continuity 1
set uspline edge 2 degree 2
set uspline node 4 continuity 1
set uspline edge 3 degree 2
build uspline curve 1 as 1
fit uspline 1
export uspline 1 json "three_element_quadratic_bspline"
reset
create curve location 0 0 0 location 1 0 0
curve 1 interval 3
mesh curve 1
set uspline curve 1 degree 1 continuity 0
set uspline edge 1 degree 1
set uspline node 3 continuity 0
set uspline edge 2 degree 1
set uspline node 4 continuity 0
set uspline edge 3 degree 1
build uspline curve 1 as 1
fit uspline 1
export uspline 1 json "temp_uspline"
reset
create curve location 0 0 0 location 5 0 0
curve 1 interval 2
mesh curve 1
set uspline curve 1 degree 1 continuity 0
set uspline edge 1 degree 2
set uspline node 3 continuity 1
set uspline edge 2 degree 2
build uspline curve 1 as 1
fit uspline 1
export uspline 1 json "temp_uspline"
